EVIDENCE-RUN docs-g0001 (quarantined — executing for evidence)
FAIL: docs-g0001 mustHitUrl https://modelcontextprotocol.io/specification/2025-06-18/basic/transports present in results
EVIDENCE docs-g0001 fail 2026-09-15T18:32:58.612Z local:2026-09-15T18:32:56.102Z p=6 f=1
EVIDENCE-RUN docs-g0002 (quarantined — executing for evidence)
EVIDENCE docs-g0002 pass 2026-09-15T18:33:01.172Z local:2026-09-15T18:32:56.102Z p=6 f=0
EVIDENCE-RUN docs-g0003 (quarantined — executing for evidence)
EVIDENCE docs-g0003 pass 2026-09-15T18:33:03.354Z local:2026-09-15T18:32:56.102Z p=6 f=0
EVIDENCE-RUN docs-g0004 (quarantined — executing for evidence)
EVIDENCE docs-g0004 pass 2026-09-15T18:33:05.633Z local:2026-09-15T18:32:56.102Z p=6 f=0
EVIDENCE-RUN docs-g0005 (quarantined — executing for evidence)
EVIDENCE docs-g0005 pass 2026-09-15T18:33:07.764Z local:2026-09-15T18:32:56.102Z p=7 f=0
EVIDENCE-RUN docs-g0006 (quarantined — executing for evidence)
EVIDENCE docs-g0006 pass 2026-09-15T18:33:10.121Z local:2026-09-15T18:32:56.102Z p=6 f=0
EVIDENCE-RUN docs-g0008 (quarantined — executing for evidence)
EVIDENCE docs-g0008 pass 2026-09-15T18:33:12.502Z local:2026-09-15T18:32:56.102Z p=4 f=0
EVIDENCE-RUN docs-g0009 (quarantined — executing for evidence)
EVIDENCE docs-g0009 pass 2026-09-15T18:33:14.731Z local:2026-09-15T18:32:56.102Z p=6 f=0
EVIDENCE-RUN docs-g0010 (quarantined — executing for evidence)
EVIDENCE docs-g0010 pass 2026-09-15T18:33:17.112Z local:2026-09-15T18:32:56.102Z p=6 f=0
EVIDENCE-RUN docs-g0011 (quarantined — executing for evidence)
EVIDENCE docs-g0011 pass 2026-09-15T18:33:19.345Z local:2026-09-15T18:32:56.102Z p=6 f=0
EVIDENCE docs-g0012 pass 2026-09-15T18:33:21.843Z local:2026-09-15T18:32:56.102Z p=4 f=0
EVIDENCE docs-g0014 pass 2026-09-15T18:33:24.180Z local:2026-09-15T18:32:56.102Z p=3 f=0
--- eval-looks live executor: 67 passed, 1 failed ---
EVIDENCE-ONLY-FAILURES: every red assertion belongs to a quarantined entry — exit overridden to 0 (R64 D-004)
